src/components/AddBookmarkModal.tsx(38,20): error TS2345: Argument of type '{ url: string; title: string; description: string; collectionId: string; tags: string[]; }' is not assignable to parameter of type 'Omit<Bookmark, "id" | "createdAt" | "updatedAt">'.
  Property 'favicon' is missing in type '{ url: string; title: string; description: string; collectionId: string; tags: string[]; }' but required in type 'Omit<Bookmark, "id" | "createdAt" | "updatedAt">'.
src/components/BookmarkCard.tsx(4,21): error TS2305: Module '"../utils"' has no exported member 'getFaviconFromUrl'.
src/components/CollectionModal.tsx(8,5): error TS2322: Type '"hash"' is not assignable to type 'CollectionIcon'.
src/components/CollectionModal.tsx(16,5): error TS2322: Type '"zinc"' is not assignable to type 'CollectionColor'.
src/components/CollectionModal.tsx(17,5): error TS2322: Type '"red"' is not assignable to type 'CollectionColor'.
src/components/CollectionModal.tsx(19,5): error TS2322: Type '"yellow"' is not assignable to type 'CollectionColor'.
src/components/CollectionModal.tsx(20,5): error TS2322: Type '"green"' is not assignable to type 'CollectionColor'.
src/components/CollectionModal.tsx(22,5): error TS2322: Type '"purple"' is not assignable to type 'CollectionColor'.
src/components/CollectionModal.tsx(35,55): error TS2345: Argument of type 'CollectionColor | "zinc"' is not assignable to parameter of type 'CollectionColor | (() => CollectionColor)'.
  Type '"zinc"' is not assignable to type 'CollectionColor | (() => CollectionColor)'.
